../Core/Src/main.c:79:6:DWT_Delay_Init	4	static
../Core/Src/main.c:87:6:delay_us	24	static
../Core/Src/main.c:95:6:Set_Pin_Output	40	static
../Core/Src/main.c:104:6:Set_Pin_Input	40	static
../Core/Src/main.c:113:6:DHT11_Start	8	static
../Core/Src/main.c:122:9:DHT11_Check_Response	16	static
../Core/Src/main.c:145:9:DHT11_Read_Byte	16	static
../Core/Src/main.c:183:6:DS1302_WriteByte	24	static
../Core/Src/main.c:195:9:DS1302_ReadByte	16	static
../Core/Src/main.c:210:6:DS1302_Write	16	static
../Core/Src/main.c:219:9:DS1302_Read	24	static
../Core/Src/main.c:230:6:DS1302_Init	8	static
../Core/Src/main.c:244:6:DS1302_GetTime	8	static
../Core/Src/main.c:265:5:main	232	static
../Core/Src/main.c:392:6:SystemClock_Config	88	static
../Core/Src/main.c:442:6:Error_Handler	4	static,ignoring_inline_asm
